../Drivers/GenericMQTT/GenericMQTT.h:148:5:cloud_device_enter_credentials	456	static
../Drivers/GenericMQTT/GenericMQTT.h:173:6:app_needs_device_keypair	24	static
../Drivers/GenericMQTT/GenericMQTT.h:207:5:network_read	32	static
../Drivers/GenericMQTT/GenericMQTT.h:229:5:network_write	32	static
../Drivers/GenericMQTT/GenericMQTT.h:246:5:stiot_publish	48	static
../Drivers/GenericMQTT/GenericMQTT.h:267:5:string_allocate_from_token	40	static
../Drivers/GenericMQTT/GenericMQTT.h:302:5:parse_and_fill_device_config	24	static
../Drivers/GenericMQTT/GenericMQTT.h:348:6:free_device_config	16	static
../Core/Src/main.c:136:5:main	8	static
../Core/Src/main.c:255:6:SystemClock_Config	96	static
../Core/Src/main.c:315:6:PeriphCommonClock_Config	144	static
../Core/Src/main.c:342:13:MX_CRC_Init	8	static
../Core/Src/main.c:373:13:MX_DFSDM1_Init	8	static
../Core/Src/main.c:435:13:MX_I2C2_Init	8	static
../Core/Src/main.c:483:13:MX_RNG_Init	8	static
../Core/Src/main.c:509:13:MX_RTC_Init	32	static
../Core/Src/main.c:580:13:MX_SPI3_Init	8	static
../Core/Src/main.c:620:13:MX_USART1_UART_Init	8	static
../Core/Src/main.c:653:13:MX_DMA_Init	16	static
../Core/Src/main.c:671:13:MX_GPIO_Init	48	static
../Core/Src/main.c:781:1:__io_putchar	16	static
../Core/Src/main.c:795:1:__io_getchar	16	static
../Core/Src/main.c:805:6:HAL_GPIO_EXTI_Callback	16	static
../Core/Src/main.c:823:6:inicializa_ConexionIoT	56	static
../Core/Src/main.c:857:6:inicia_ClienteMQTT	32	static
../Core/Src/main.c:911:6:outputMessage	24	static
../Core/Src/main.c:950:6:messageArrived	32	static
../Core/Src/main.c:987:6:HAL_DFSDM_FilterRegConvHalfCpltCallback	16	static
../Core/Src/main.c:992:6:HAL_DFSDM_FilterRegConvCpltCallback	16	static
../Core/Src/main.c:1005:6:StartZafron	32	static
../Core/Src/main.c:1161:6:StartRepresentacion	24	static
../Core/Src/main.c:1212:6:StartMicrofono	32	static
../Core/Src/main.c:1266:6:Error_Handler	4	static,ignoring_inline_asm
