../Drivers/GenericMQTT/CayenneMQTTClient.c:21:6:MQTTMessageArrived	112	static
../Drivers/GenericMQTT/CayenneMQTTClient.c:66:6:CayenneMQTTClientInit	48	static
../Drivers/GenericMQTT/CayenneMQTTClient.c:90:5:CayenneMQTTConnect	104	static
../Drivers/GenericMQTT/CayenneMQTTClient.c:111:5:CayenneMQTTPublishData	48	static
../Drivers/GenericMQTT/CayenneMQTTClient.c:131:5:CayenneMQTTPublishDataInt	80	static
../Drivers/GenericMQTT/CayenneMQTTClient.c:154:5:CayenneMQTTPublishDataUInt	80	static
../Drivers/GenericMQTT/CayenneMQTTClient.c:177:5:CayenneMQTTPublishDataLong	80	static
../Drivers/GenericMQTT/CayenneMQTTClient.c:200:5:CayenneMQTTPublishDataULong	80	static
../Drivers/GenericMQTT/CayenneMQTTClient.c:223:5:CayenneMQTTPublishDataDouble	88	static
../Drivers/GenericMQTT/CayenneMQTTClient.c:246:5:CayenneMQTTPublishDataFloat	88	static
../Drivers/GenericMQTT/CayenneMQTTClient.c:268:5:CayenneMQTTPublishDataArray	200	static
../Drivers/GenericMQTT/CayenneMQTTClient.c:298:5:CayenneMQTTPublishResponse	200	static
../Drivers/GenericMQTT/CayenneMQTTClient.c:329:5:CayenneMQTTSubscribe	184	static
../Drivers/GenericMQTT/CayenneMQTTClient.c:363:5:CayenneMQTTUnsubscribe	176	static
../Drivers/GenericMQTT/CayenneMQTTClient.c:393:5:CayenneMQTTDisconnect	16	static
../Drivers/GenericMQTT/CayenneMQTTClient.c:403:5:CayenneMQTTConnected	16	static
../Drivers/GenericMQTT/CayenneMQTTClient.c:415:5:CayenneMQTTYield	16	static
